main.c:100:5:main	24	static
main.c:355:6:SystemClock_Config	72	static
main.c:388:13:MX_TIM4_Init	64	static
main.c:442:13:MX_GPIO_Init	40	static
main.c:508:6:Delay	24	static
main.c:513:6:Motors_Fw	8	static
main.c:520:6:Motors_Rv	8	static
main.c:527:6:Turn_L	8	static
main.c:534:6:Turn_R	8	static
main.c:541:6:Motors_Stp	8	static
main.c:548:10:ultraSonicR	16	static
main.c:573:10:ultraSonicF	16	static
main.c:602:10:ultraSonicL	16	static
main.c:626:10:ultraSonicB	16	static
main.c:655:6:Error_Handler	4	static,ignoring_inline_asm
