<html>
<body>
<pre>
<h1>µVision Build Log</h1>
<h2>Tool Versions:</h2>
IDE-Version: µVision V5.28.0.0
Copyright (C) 2019 ARM Ltd and ARM Germany GmbH. All rights reserved.
License Information: Gunjeet Dhaliwal, HP Inc., LIC=----
 
Tool Versions:
Toolchain:       MDK-Lite  Version: 5.28.0.0
Toolchain Path:  C:\Keil_v5\ARM\ARMCC\Bin
C Compiler:      Armcc.exe V5.06 update 6 (build 750)
Assembler:       Armasm.exe V5.06 update 6 (build 750)
Linker/Locator:  ArmLink.exe V5.06 update 6 (build 750)
Library Manager: ArmAr.exe V5.06 update 6 (build 750)
Hex Converter:   FromElf.exe V5.06 update 6 (build 750)
CPU DLL:         SARMCM3.DLL V5.28.0.0
Dialog DLL:      DCM.DLL V1.17.3.0
Target DLL:      STLink\ST-LINKIII-KEIL_SWO.dll V3.0.6.0
Dialog DLL:      TCM.DLL V1.36.2.0
 
<h2>Project:</h2>
C:\Users\singh\Desktop\University\UofR\ENEL 417\Testing\Motion Sensor\Motion Sensor.uvprojx
Project File Date:  03/20/2021

<h2>Output:</h2>
*** Using Compiler 'V5.06 update 6 (build 750)', folder: 'C:\Keil_v5\ARM\ARMCC\Bin'
Rebuild target 'Target 1'
assembling startup_stm32f10x_md_vl.s...
compiling clocks.c...
compiling system_stm32f10x.c...
compiling main.c...
clocks.h(19): warning:  #1-D: last line of file ends without a newline
  	void subclocks(void);
motion_Sensor.h(17): warning:  #1-D: last line of file ends without a newline
  int motion_Test(void);
LCD.h(36): warning:  #1-D: last line of file ends without a newline
  	void delay(int);
main.c(75): warning:  #1-D: last line of file ends without a newline
  }	
main.c: 4 warnings, 0 errors
compiling LCD.c...
LCD.h(36): warning:  #1-D: last line of file ends without a newline
  	void delay(int);
LCD.c: 1 warning, 0 errors
compiling motion_Sensor.c...
motion_sensor.h(17): warning:  #1-D: last line of file ends without a newline
  int motion_Test(void);
LCD.h(36): warning:  #1-D: last line of file ends without a newline
  	void delay(int);
motion_Sensor.c: 2 warnings, 0 errors
linking...
Program Size: Code=1292 RO-data=304 RW-data=0 ZI-data=1632  
".\Objects\Motion Sensor.axf" - 0 Error(s), 7 Warning(s).

<h2>Software Packages used:</h2>

Package Vendor: ARM
                http://www.keil.com/pack/ARM.CMSIS.5.5.1.pack
                ARM.CMSIS.5.5.1
                CMSIS (Cortex Microcontroller Software Interface Standard)
   * Component: CORE Version: 5.2.0

Package Vendor: Keil
                http://www.keil.com/pack/Keil.STM32F1xx_DFP.2.3.0.pack
                Keil.STM32F1xx_DFP.2.3.0
                STMicroelectronics STM32F1 Series Device Support, Drivers and Examples
   * Component: Startup Version: 1.0.0

<h2>Collection of Component include folders:</h2>
  .\RTE\Device\STM32F100RB
  .\RTE\_Target_1
  C:\Users\singh\AppData\Local\Arm\Packs\ARM\CMSIS\5.5.1\CMSIS\Core\Include
  C:\Users\singh\AppData\Local\Arm\Packs\Keil\STM32F1xx_DFP\2.3.0\Device\Include

<h2>Collection of Component Files used:</h2>

   * Component: ARM::CMSIS:CORE:5.2.0

   * Component: Keil::Device:Startup:1.0.0
      Source file:   Device\Source\system_stm32f10x.c
      Source file:   Device\Source\ARM\startup_stm32f10x_md_vl.s
      Source file:   Device\Source\ARM\STM32F1xx_OPT.s
      Include file:  RTE_Driver\Config\RTE_Device.h
Build Time Elapsed:  00:00:01
</pre>
</body>
</html>
